
There are no discarded input sections

Memory Configuration

Name             Origin             Length             Attributes
FLASH            0x08000000         0x00080000         xr
RAM              0x20000000         0x00020000         xrw
*default*        0x00000000         0xffffffff

Linker script and memory map

LOAD /tmp/ccfIEP4r.o
LOAD /tmp/ccuryJk7.o
LOAD /tmp/ccVrxfUF.o
LOAD /tmp/cchMzO2F.o
LOAD /tmp/ccfE4E1c.o
LOAD /tmp/cccncKnd.o
LOAD /tmp/cc4hr9bG.o
LOAD /tmp/cc2iTzKc.o

.isr_vector     0x08000000        0x8
 *(.isr_vector)
 .isr_vector    0x08000000        0x8 /tmp/ccfIEP4r.o
                0x08000000                vector_table

.text           0x08000008      0x828
                0x08000008                        . = ALIGN (0x4)
 *(.text)
 .text          0x08000008       0x58 /tmp/ccfIEP4r.o
                0x08000008                Reset_Handler
 .text          0x08000060       0x84 /tmp/ccuryJk7.o
                0x08000060                main
 .text          0x080000e4      0x288 /tmp/ccVrxfUF.o
                0x080000e4                initializeGPIOA
                0x08000100                setPinDigitalOutput
                0x08000148                setPinAnalog
                0x08000178                setPin
                0x080001c8                togglePin
                0x080001f4                initializeAnalogClock
                0x08000210                turnOnADC
                0x0800022c                turnOffADC
                0x08000248                setADCSampleTime_Channel_6
                0x0800027c                setADCChannel
                0x080002ac                setADCContinuousMode
                0x080002e4                startADCConversion
                0x08000300                isADCConversionComplete
                0x08000324                readADCData
                0x0800033c                full_setup_adc_channel_6
 .text          0x0800036c       0x74 /tmp/cchMzO2F.o
                0x0800036c                systemClock_20MHz
 .text          0x080003e0      0x21a /tmp/ccfE4E1c.o
                0x080003e0                readAndDecodeADC
 .text          0x080005fa       0x38 /tmp/cccncKnd.o
                0x080005fa                systemInit
 *fill*         0x08000632        0x2 
 .text          0x08000634       0xd4 /tmp/cc4hr9bG.o
                0x08000634                startTimer
                0x08000680                getTicks
 .text          0x08000708      0x124 /tmp/cc2iTzKc.o
                0x08000708                pwmInit_pa5
                0x080007e4                setPWMFrequency_pa5
 *(.rodata)
 .rodata        0x0800082c        0x4 /tmp/ccuryJk7.o
                0x08000830                        . = ALIGN (0x4)
                0x08000830                        _etext = .

.glue_7         0x08000830        0x0
 .glue_7        0x08000830        0x0 linker stubs

.glue_7t        0x08000830        0x0
 .glue_7t       0x08000830        0x0 linker stubs

.vfp11_veneer   0x08000830        0x0
 .vfp11_veneer  0x08000830        0x0 linker stubs

.v4_bx          0x08000830        0x0
 .v4_bx         0x08000830        0x0 linker stubs

.iplt           0x08000830        0x0
 .iplt          0x08000830        0x0 /tmp/ccfIEP4r.o

.rel.dyn        0x08000830        0x0
 .rel.iplt      0x08000830        0x0 /tmp/ccfIEP4r.o

.data           0x20000000        0x0 load address 0x08000830
                0x20000000                        . = ALIGN (0x4)
                0x20000000                        _sdata = .
 *(.data)
 .data          0x20000000        0x0 /tmp/ccfIEP4r.o
 .data          0x20000000        0x0 /tmp/ccuryJk7.o
 .data          0x20000000        0x0 /tmp/ccVrxfUF.o
 .data          0x20000000        0x0 /tmp/cchMzO2F.o
 .data          0x20000000        0x0 /tmp/ccfE4E1c.o
 .data          0x20000000        0x0 /tmp/cccncKnd.o
 .data          0x20000000        0x0 /tmp/cc4hr9bG.o
 .data          0x20000000        0x0 /tmp/cc2iTzKc.o
                0x20000000                        . = ALIGN (0x4)
                0x20000000                        _edata = .

.igot.plt       0x20000000        0x0 load address 0x08000830
 .igot.plt      0x20000000        0x0 /tmp/ccfIEP4r.o

.bss            0x20000000       0x10 load address 0x08000830
                0x20000000                        . = ALIGN (0x4)
                0x20000000                        _sbss = .
 *(.bss)
 .bss           0x20000000        0x0 /tmp/ccfIEP4r.o
 .bss           0x20000000        0x0 /tmp/ccuryJk7.o
 .bss           0x20000000        0x0 /tmp/ccVrxfUF.o
 .bss           0x20000000        0x0 /tmp/cchMzO2F.o
 .bss           0x20000000        0x0 /tmp/ccfE4E1c.o
 .bss           0x20000000        0x0 /tmp/cccncKnd.o
 .bss           0x20000000       0x10 /tmp/cc4hr9bG.o
 .bss           0x20000010        0x0 /tmp/cc2iTzKc.o
                0x20000010                        . = ALIGN (0x4)
                0x20000010                        _ebss = .
OUTPUT(firmware.elf elf32-littlearm)
LOAD linker stubs

.debug_info     0x00000000      0x9fa
 .debug_info    0x00000000      0x102 /tmp/ccfIEP4r.o
 .debug_info    0x00000102      0x15b /tmp/ccuryJk7.o
 .debug_info    0x0000025d      0x23c /tmp/ccVrxfUF.o
 .debug_info    0x00000499       0x8b /tmp/cchMzO2F.o
 .debug_info    0x00000524      0x234 /tmp/ccfE4E1c.o
 .debug_info    0x00000758       0xfa /tmp/cccncKnd.o
 .debug_info    0x00000852       0xe8 /tmp/cc4hr9bG.o
 .debug_info    0x0000093a       0xc0 /tmp/cc2iTzKc.o

.debug_abbrev   0x00000000      0x540
 .debug_abbrev  0x00000000       0xbd /tmp/ccfIEP4r.o
 .debug_abbrev  0x000000bd       0xcb /tmp/ccuryJk7.o
 .debug_abbrev  0x00000188       0xd0 /tmp/ccVrxfUF.o
 .debug_abbrev  0x00000258       0x52 /tmp/cchMzO2F.o
 .debug_abbrev  0x000002aa       0xd2 /tmp/ccfE4E1c.o
 .debug_abbrev  0x0000037c       0xb6 /tmp/cccncKnd.o
 .debug_abbrev  0x00000432       0x7f /tmp/cc4hr9bG.o
 .debug_abbrev  0x000004b1       0x8f /tmp/cc2iTzKc.o

.debug_aranges  0x00000000      0x100
 .debug_aranges
                0x00000000       0x20 /tmp/ccfIEP4r.o
 .debug_aranges
                0x00000020       0x20 /tmp/ccuryJk7.o
 .debug_aranges
                0x00000040       0x20 /tmp/ccVrxfUF.o
 .debug_aranges
                0x00000060       0x20 /tmp/cchMzO2F.o
 .debug_aranges
                0x00000080       0x20 /tmp/ccfE4E1c.o
 .debug_aranges
                0x000000a0       0x20 /tmp/cccncKnd.o
 .debug_aranges
                0x000000c0       0x20 /tmp/cc4hr9bG.o
 .debug_aranges
                0x000000e0       0x20 /tmp/cc2iTzKc.o

.debug_line     0x00000000      0x7fb
 .debug_line    0x00000000       0xa0 /tmp/ccfIEP4r.o
 .debug_line    0x000000a0       0xf3 /tmp/ccuryJk7.o
 .debug_line    0x00000193      0x191 /tmp/ccVrxfUF.o
 .debug_line    0x00000324       0xd8 /tmp/cchMzO2F.o
 .debug_line    0x000003fc      0x19f /tmp/ccfE4E1c.o
 .debug_line    0x0000059b       0xaa /tmp/cccncKnd.o
 .debug_line    0x00000645       0xbd /tmp/cc4hr9bG.o
 .debug_line    0x00000702       0xf9 /tmp/cc2iTzKc.o

.debug_str      0x00000000      0x3f6
 .debug_str     0x00000000      0x3f6 /tmp/ccfIEP4r.o
                                0x174 (size before relaxing)
 .debug_str     0x000003f6      0x1b7 /tmp/ccuryJk7.o
 .debug_str     0x000003f6      0x269 /tmp/ccVrxfUF.o
 .debug_str     0x000003f6      0x14a /tmp/cchMzO2F.o
 .debug_str     0x000003f6      0x1e2 /tmp/ccfE4E1c.o
 .debug_str     0x000003f6      0x1c7 /tmp/cccncKnd.o
 .debug_str     0x000003f6      0x17d /tmp/cc4hr9bG.o
 .debug_str     0x000003f6      0x160 /tmp/cc2iTzKc.o

.comment        0x00000000       0x1e
 .comment       0x00000000       0x1e /tmp/ccfIEP4r.o
                                 0x1f (size before relaxing)
 .comment       0x0000001e       0x1f /tmp/ccuryJk7.o
 .comment       0x0000001e       0x1f /tmp/ccVrxfUF.o
 .comment       0x0000001e       0x1f /tmp/cchMzO2F.o
 .comment       0x0000001e       0x1f /tmp/ccfE4E1c.o
 .comment       0x0000001e       0x1f /tmp/cccncKnd.o
 .comment       0x0000001e       0x1f /tmp/cc4hr9bG.o
 .comment       0x0000001e       0x1f /tmp/cc2iTzKc.o

.ARM.attributes
                0x00000000       0x2e
 .ARM.attributes
                0x00000000       0x2e /tmp/ccfIEP4r.o
 .ARM.attributes
                0x0000002e       0x2e /tmp/ccuryJk7.o
 .ARM.attributes
                0x0000005c       0x2e /tmp/ccVrxfUF.o
 .ARM.attributes
                0x0000008a       0x2e /tmp/cchMzO2F.o
 .ARM.attributes
                0x000000b8       0x2e /tmp/ccfE4E1c.o
 .ARM.attributes
                0x000000e6       0x2e /tmp/cccncKnd.o
 .ARM.attributes
                0x00000114       0x2e /tmp/cc4hr9bG.o
 .ARM.attributes
                0x00000142       0x2e /tmp/cc2iTzKc.o

.debug_frame    0x00000000      0x3f8
 .debug_frame   0x00000000       0x30 /tmp/ccfIEP4r.o
 .debug_frame   0x00000030       0x34 /tmp/ccuryJk7.o
 .debug_frame   0x00000064      0x22c /tmp/ccVrxfUF.o
 .debug_frame   0x00000290       0x30 /tmp/cchMzO2F.o
 .debug_frame   0x000002c0       0x44 /tmp/ccfE4E1c.o
 .debug_frame   0x00000304       0x34 /tmp/cccncKnd.o
 .debug_frame   0x00000338       0x68 /tmp/cc4hr9bG.o
 .debug_frame   0x000003a0       0x58 /tmp/cc2iTzKc.o

.debug_rnglists
                0x00000000       0x20
 .debug_rnglists
                0x00000000       0x20 /tmp/ccfE4E1c.o
